// Jest Snapshot v1, https://goo.gl/fbAQLP

exports[`<WeatherIcon /> should be able to render 1`] = `
<img
  alt="Snow"
  className="mock-class"
  src="https://www.metaweather.com/static/img/weather/sn.svg"
/>
`;
