// Jest Snapshot v1, https://goo.gl/fbAQLP

exports[`<Weather /> should be able to work correctly 1`] = `ShallowWrapper {}`;
